2026-10-08T09:40:29.0185837Z Current runner version: '2.337.0'
2026-10-08T09:40:29.0210940Z ##[group]Runner Image Provisioner
2026-10-08T09:40:29.0211867Z Hosted Compute Agent
2026-10-08T09:40:29.0212463Z Version: 20260901.588
2026-10-08T09:40:29.0213775Z Commit: f88ec8081b781fac6c440065ac7ff9e710ce3d0b
2026-10-08T09:40:29.0214515Z Build Date: 2026-09-01T19:56:44Z
2026-10-08T09:40:29.0215238Z Worker ID: {418649bc-7575-4d4d-900d-2cacd311a0f4}
2026-10-08T09:40:29.0215970Z Azure Region: westus3
2026-10-08T09:40:29.0216574Z ##[endgroup]
2026-10-08T09:40:29.0218228Z ##[group]Operating System
2026-10-08T09:40:29.0218864Z Ubuntu
2026-10-08T09:40:29.0219365Z 24.04.5
2026-10-08T09:40:29.0219969Z LTS
2026-10-08T09:40:29.0220513Z ##[endgroup]
2026-10-08T09:40:29.0221144Z ##[group]Runner Image
2026-10-08T09:40:29.0221778Z Image: ubuntu-24.04
2026-10-08T09:40:29.0222330Z Version: 20260927.320.1
2026-10-08T09:40:29.0223868Z Included Software: https://github.com/actions/runner-images/blob/ubuntu24/20260927.320/images/ubuntu/Ubuntu2404-Readme.md
2026-10-08T09:40:29.0225595Z Image Release: https://github.com/actions/runner-images/releases/tag/ubuntu24%2F20260927.320
2026-10-08T09:40:29.0226570Z ##[endgroup]
2026-10-08T09:40:29.0227666Z ##[group]GITHUB_TOKEN Permissions
2026-10-08T09:40:29.0229859Z Contents: read
2026-10-08T09:40:29.0230460Z Metadata: read
2026-10-08T09:40:29.0231125Z ##[endgroup]
2026-10-08T09:40:29.0233622Z Secret source: Actions
2026-10-08T09:40:29.0234707Z Cache mode: write
2026-10-08T09:40:29.0235452Z Prepare workflow directory
2026-10-08T09:40:29.0581345Z Prepare all required actions
2026-10-08T09:40:29.0629947Z Getting action download info
2026-10-08T09:40:29.4072602Z Download action repository 'actions/checkout@v7' (SHA:3d3c42e5aac5ba805825da76410c181273ba90b1)
2026-10-08T09:40:29.5113820Z Download action repository 'DeterminateSystems/nix-installer-action@v22' (SHA:ef8a148080ab6020fd15196c2084a2eea5ff2d25)
2026-10-08T09:40:30.2415157Z Download action repository 'actions/cache@v6' (SHA:55cc8345863c7cc4c66a329aec7e433d2d1c52a9)
2026-10-08T09:40:30.3479298Z Download action repository 'actions/upload-artifact@v7' (SHA:cf430e030ddbb5b0abf93d22962f4752f3646cd9)
2026-10-08T09:40:31.3159037Z Complete job name: RDD2 Mission Qualification
2026-10-08T09:40:31.4025861Z ##[group]Run actions/checkout@v7
2026-10-08T09:40:31.4027453Z with:
2026-10-08T09:40:31.4028385Z   repository: CogniPilot/modelica_models
2026-10-08T09:40:31.4037233Z   token: ***
2026-10-08T09:40:31.4038185Z   ssh-strict: true
2026-10-08T09:40:31.4039089Z   ssh-user: git
2026-10-08T09:40:31.4040104Z   persist-credentials: true
2026-10-08T09:40:31.4041126Z   clean: true
2026-10-08T09:40:31.4042086Z   sparse-checkout-cone-mode: true
2026-10-08T09:40:31.4043401Z   fetch-depth: 1
2026-10-08T09:40:31.4044336Z   fetch-tags: false
2026-10-08T09:40:31.4045347Z   show-progress: true
2026-10-08T09:40:31.4046292Z   lfs: false
2026-10-08T09:40:31.4047232Z   submodules: false
2026-10-08T09:40:31.4048234Z   set-safe-directory: true
2026-10-08T09:40:31.4049317Z   allow-unsafe-pr-checkout: false
2026-10-08T09:40:31.4050851Z ##[endgroup]
2026-10-08T09:40:31.5066419Z Syncing repository: CogniPilot/modelica_models
2026-10-08T09:40:31.5069527Z ##[group]Getting Git version info
2026-10-08T09:40:31.5071432Z Working directory is '/home/runner/work/modelica_models/modelica_models'
2026-10-08T09:40:31.5074056Z [command]/usr/bin/git version
2026-10-08T09:40:31.5128813Z git version 2.55.0
2026-10-08T09:40:31.5149862Z ##[endgroup]
2026-10-08T09:40:31.5160719Z Temporarily overriding HOME='/home/runner/work/_temp/a3842d76-0cc0-404e-bc6a-2238403088b0' before making global git config changes
2026-10-08T09:40:31.5164975Z Adding repository directory to the temporary git global config as a safe directory
2026-10-08T09:40:31.5168205Z [command]/usr/bin/git config --global --add safe.directory /home/runner/work/modelica_models/modelica_models
2026-10-08T09:40:31.5210465Z Deleting the contents of '/home/runner/work/modelica_models/modelica_models'
2026-10-08T09:40:31.5214062Z ##[group]Determining repository object format
2026-10-08T09:40:31.5216408Z ##[endgroup]
2026-10-08T09:40:31.5218027Z ##[group]Initializing the repository
2026-10-08T09:40:31.5220006Z [command]/usr/bin/git init /home/runner/work/modelica_models/modelica_models
2026-10-08T09:40:31.5316927Z hint: Using 'master' as the name for the initial branch. This default branch name
2026-10-08T09:40:31.5320489Z hint: will change to "main" in Git 3.0. To configure the initial branch name
2026-10-08T09:40:31.5322632Z hint: to use in all of your new repositories, which will suppress this warning,
2026-10-08T09:40:31.5324480Z hint: call:
2026-10-08T09:40:31.5325630Z hint:
2026-10-08T09:40:31.5326948Z hint: 	git config --global init.defaultBranch <name>
2026-10-08T09:40:31.5328245Z hint:
2026-10-08T09:40:31.5329815Z hint: Names commonly chosen instead of 'master' are 'main', 'trunk' and
2026-10-08T09:40:31.5331801Z hint: 'development'. The just-created branch can be renamed via this command:
2026-10-08T09:40:31.5333959Z hint:
2026-10-08T09:40:31.5335127Z hint: 	git branch -m <name>
2026-10-08T09:40:31.5336301Z hint:
2026-10-08T09:40:31.5337642Z hint: Disable this message with "git config set advice.defaultBranchName false"
2026-10-08T09:40:31.5339855Z Initialized empty Git repository in /home/runner/work/modelica_models/modelica_models/.git/
2026-10-08T09:40:31.5344164Z [command]/usr/bin/git remote add origin https://github.com/CogniPilot/modelica_models
2026-10-08T09:40:31.5376446Z ##[endgroup]
2026-10-08T09:40:31.5378126Z ##[group]Disabling automatic garbage collection
2026-10-08T09:40:31.5380150Z [command]/usr/bin/git config --local gc.auto 0
2026-10-08T09:40:31.5412003Z ##[endgroup]
2026-10-08T09:40:31.5413872Z ##[group]Setting up auth
2026-10-08T09:40:31.5415098Z Removing SSH command configuration
2026-10-08T09:40:31.5417655Z [command]/usr/bin/git config --local --name-only --get-regexp core\.sshCommand
2026-10-08T09:40:31.5448860Z [command]/usr/bin/git submodule foreach --recursive sh -c "git config --local --name-only --get-regexp 'core\.sshCommand' && git config --local --unset-all 'core.sshCommand' || :"
2026-10-08T09:40:31.5778436Z Removing HTTP extra header
2026-10-08T09:40:31.5783877Z [command]/usr/bin/git config --local --name-only --get-regexp http\.https\:\/\/github\.com\/\.extraheader
2026-10-08T09:40:31.5816932Z [command]/usr/bin/git submodule foreach --recursive sh -c "git config --local --name-only --get-regexp 'http\.https\:\/\/github\.com\/\.extraheader' && git config --local --unset-all 'http.https://github.com/.extraheader' || :"
2026-10-08T09:40:31.6029920Z Removing includeIf entries pointing to credentials config files
2026-10-08T09:40:31.6033876Z [command]/usr/bin/git config --local --name-only --get-regexp ^includeIf\.gitdir:
2026-10-08T09:40:31.6065660Z [command]/usr/bin/git submodule foreach --recursive git config --local --show-origin --name-only --get-regexp remote.origin.url
2026-10-08T09:40:31.6289853Z [command]/usr/bin/git config --file /home/runner/work/_temp/git-credentials-c0ee5eb3-2042-4fac-b038-9e55245e35e2.config http.https://github.com/.extraheader AUTHORIZATION: basic ***
2026-10-08T09:40:31.6326437Z [command]/usr/bin/git config --local includeIf.gitdir:/home/runner/work/modelica_models/modelica_models/.git.path /home/runner/work/_temp/git-credentials-c0ee5eb3-2042-4fac-b038-9e55245e35e2.config
2026-10-08T09:40:31.6358331Z [command]/usr/bin/git config --local includeIf.gitdir:/home/runner/work/modelica_models/modelica_models/.git/worktrees/*.path /home/runner/work/_temp/git-credentials-c0ee5eb3-2042-4fac-b038-9e55245e35e2.config
2026-10-08T09:40:31.6397953Z [command]/usr/bin/git config --local includeIf.gitdir:/github/workspace/.git.path /github/runner_temp/git-credentials-c0ee5eb3-2042-4fac-b038-9e55245e35e2.config
2026-10-08T09:40:31.6428991Z [command]/usr/bin/git config --local includeIf.gitdir:/github/workspace/.git/worktrees/*.path /github/runner_temp/git-credentials-c0ee5eb3-2042-4fac-b038-9e55245e35e2.config
2026-10-08T09:40:31.6456112Z ##[endgroup]
2026-10-08T09:40:31.6457653Z ##[group]Fetching the repository
2026-10-08T09:40:31.6462200Z [command]/usr/bin/git -c protocol.version=2 fetch --no-tags --prune --no-recurse-submodules --depth=1 origin +64ca11e24ee2534e4292f6399004b8ec9f37204a:refs/remotes/origin/main
2026-10-08T09:40:33.8443256Z From https://github.com/CogniPilot/modelica_models
2026-10-08T09:40:33.8444277Z  * [new ref]         64ca11e24ee2534e4292f6399004b8ec9f37204a -> origin/main
2026-10-08T09:40:33.8453522Z [command]/usr/bin/git branch --list --remote origin/main
2026-10-08T09:40:33.8479760Z   origin/main
2026-10-08T09:40:33.8487946Z [command]/usr/bin/git rev-parse refs/remotes/origin/main
2026-10-08T09:40:33.8510788Z 64ca11e24ee2534e4292f6399004b8ec9f37204a
2026-10-08T09:40:33.8515320Z ##[endgroup]
2026-10-08T09:40:33.8516000Z ##[group]Determining the checkout info
2026-10-08T09:40:33.8516898Z ##[endgroup]
2026-10-08T09:40:33.8521622Z [command]/usr/bin/git sparse-checkout disable
2026-10-08T09:40:33.8580283Z [command]/usr/bin/git config --local --unset-all extensions.worktreeConfig
2026-10-08T09:40:33.8606286Z ##[group]Checking out the ref
2026-10-08T09:40:33.8606890Z [command]/usr/bin/git checkout --progress --force -B main refs/remotes/origin/main
2026-10-08T09:40:34.1154191Z Switched to a new branch 'main'
2026-10-08T09:40:34.1158013Z branch 'main' set up to track 'origin/main'.
2026-10-08T09:40:34.1187531Z ##[endgroup]
2026-10-08T09:40:34.1231826Z [command]/usr/bin/git log -1 --format=%H
2026-10-08T09:40:34.1256667Z 64ca11e24ee2534e4292f6399004b8ec9f37204a
2026-10-08T09:40:34.1552508Z ##[group]Run DeterminateSystems/nix-installer-action@v22
2026-10-08T09:40:34.1553140Z with:
2026-10-08T09:40:34.1553349Z   determinate: true
2026-10-08T09:40:34.1553576Z   flakehub: false
2026-10-08T09:40:34.1553795Z   force-no-systemd: false
2026-10-08T09:40:34.1556161Z   github-token: ***
2026-10-08T09:40:34.1556417Z   github-server-url: https://github.com
2026-10-08T09:40:34.1556715Z   job-status: success
2026-10-08T09:40:34.1556934Z   kvm: true
2026-10-08T09:40:34.1557140Z   modify-profile: true
2026-10-08T09:40:34.1557381Z   reinstall: false
2026-10-08T09:40:34.1557635Z   start-daemon: true
2026-10-08T09:40:34.1557896Z   diagnostic-endpoint: -
2026-10-08T09:40:34.1558146Z   trust-runner-user: true
2026-10-08T09:40:34.1558377Z   summarize: true
2026-10-08T09:40:34.1558600Z   _internal-strict-mode: false
2026-10-08T09:40:34.1558852Z ##[endgroup]
2026-10-08T09:40:34.5609134Z [command]/usr/bin/sudo mkdir -p /var/lib/determinate
2026-10-08T09:40:34.5926190Z ##[group]Detecting systemd...
2026-10-08T09:40:34.5926917Z ##[endgroup]
2026-10-08T09:40:34.5939644Z ##[group]Configuring KVM
2026-10-08T09:40:34.6403978Z ##[endgroup]
2026-10-08T09:40:34.6405105Z [32m Accelerated KVM is enabled [33m⚡️
2026-10-08T09:40:34.6405923Z ##[group]Installing Nix
2026-10-08T09:40:34.6408059Z ##[group]Downloading nix-installer for x86_64-linux
2026-10-08T09:40:34.6409329Z Fetching from https://cf.install.determinate.systems/nix-installer/stable/x86_64-linux
2026-10-08T09:40:35.0121114Z Cache hit for: determinatesystem-nix-installer-x86_64-linux-9fd2f85c8251f9f2cfa1a8d7644544ce
2026-10-08T09:40:36.2485847Z Received 25165824 of 49173161 (51.2%), 24.0 MBs/sec
2026-10-08T09:40:36.3758293Z Received 49173161 of 49173161 (100.0%), 41.6 MBs/sec
2026-10-08T09:40:36.3759537Z Cache Size: ~47 MB (49173161 B)
2026-10-08T09:40:36.3861649Z [command]/usr/bin/tar -xf /home/runner/work/_temp/81917870-27fc-487e-8264-16826c59d9cd/cache.tzst -P -C /home/runner/work/_temp/nix-installer-2e81f1dd-1fb5-4098-96fa-ab8aac1f3b5e --use-compress-program unzstd
2026-10-08T09:40:36.5038886Z Cache restored successfully
2026-10-08T09:40:36.5066995Z ##[endgroup]
2026-10-08T09:40:36.5077953Z Installing Determinate Nix using the --determinate flag
2026-10-08T09:40:36.5085373Z [command]/home/runner/work/_temp/nix-installer-2e81f1dd-1fb5-4098-96fa-ab8aac1f3b5e/nix-installer install linux --determinate
2026-10-08T09:40:36.5129449Z  INFO nix-installer v3.23.1
2026-10-08T09:40:36.6345977Z [2m[33m`nix-installer` needs to run as `root`, attempting to escalate now via `sudo`...[39m[0m
2026-10-08T09:40:36.6445777Z  INFO nix-installer v3.23.1
2026-10-08T09:40:36.8135417Z  INFO Step: Create directory `/nix`
2026-10-08T09:40:36.8162034Z  INFO Step: Install Determinate Nixd
2026-10-08T09:40:36.8281527Z  INFO Step: Provision Nix
2026-10-08T09:40:39.6171289Z  INFO Step: Create build users (UID 30001-30032) and group (GID 30000)
2026-10-08T09:40:40.2811858Z  INFO Step: Configure Nix
2026-10-08T09:40:41.0069956Z  INFO Step: Create directory `/etc/tmpfiles.d`
2026-10-08T09:40:41.0070666Z  INFO Step: Configure the Determinate Nix daemon
2026-10-08T09:40:42.0723789Z  INFO Step: Cleanup
2026-10-08T09:40:42.0750799Z  INFO Running self test for shell sh
2026-10-08T09:40:42.2464731Z  INFO Running self test for shell bash
2026-10-08T09:40:42.4197424Z [1m[32mNix was installed successfully![39m[0m
2026-10-08T09:40:42.4198518Z To get started using Nix, open a new shell or run `[1m. /nix/var/nix/profiles/default/etc/profile.d/nix-daemon.sh[0m`
2026-10-08T09:40:42.4199206Z
2026-10-08T09:40:42.4824874Z ##[endgroup]
2026-10-08T09:40:42.4835648Z FlakeHub is disabled because the workflow is misconfigured. Please make sure that `id-token: write` and `contents: read` are set for this step's (or job's) permissions so that GitHub Actions provides OIDC token endpoints.
2026-10-08T09:40:42.4837127Z For more information, see https://docs.determinate.systems/guides/github-actions/#nix-installer-action
2026-10-08T09:40:42.6187403Z ##[group]Run python -m tools.modelica_models_cli.nix_cache key --github-output
2026-10-08T09:40:42.6188036Z [36;1mpython -m tools.modelica_models_cli.nix_cache key --github-output[0m
2026-10-08T09:40:42.6454688Z shell: /usr/bin/bash -e {0}
2026-10-08T09:40:42.6454968Z env:
2026-10-08T09:40:42.6455270Z   DETSYS_BACKTRACE_COLLECTOR: 3b20edeb-019a-4f8c-b246-d63fd6868fb0
2026-10-08T09:40:42.6455658Z   DETERMINATE_NIX_KVM: 1
2026-10-08T09:40:42.6455902Z ##[endgroup]
2026-10-08T09:40:42.8667069Z unpacking 'github:numtide/flake-utils/11707dc2f618dd54ca8739b309ec4fc024de578b?narHash=sha256-l0KFg5HjrsfsO/JpG%2Br7fRrqm12kzFHyUHqHCVpMMbI%3D' into the Git cache...
2026-10-08T09:40:43.6214824Z unpacking 'github:CogniPilot/rumoca/276e82bd0fd48960ac201e782918d28bf19cf7ce?narHash=sha256-wbmiLIYFA78lctGkn2cMrnNrA%2BwywA1o8LKo2c2ca/U%3D' into the Git cache...
2026-10-08T09:40:47.1624991Z unpacking 'github:nix-systems/default/da67096a3b9bf56a91d16901293e51ba5b49a27e?narHash=sha256-Vy1rq5AaRuLzOxct8nz4T6wlgyUR7zLU309k9mBC768%3D' into the Git cache...
2026-10-08T09:40:47.5278592Z copying path '/nix/store/7blcfay1hap81n2bc9j4d8b1cxrvng50-source' from 'https://cache.nixos.org'...
2026-10-08T09:40:55.0444497Z unpacking 'github:ipetkov/crane/80db5bdc391be8a1794f6d8a2d56e3a84ebcede2?narHash=sha256-G6R9IT/xwFuu%2BCYBWDUAok6AdC4ERC4ZfPPFtEpxnZE%3D' into the Git cache...
2026-10-08T09:40:56.6685557Z unpacking 'github:nix-community/fenix/16810aa8f4ad89ca480b1513774e8b6f485fe368?narHash=sha256-GHrsl1%2BysDFgmDQtQSqWS7TiYD2Q58VlwLvnf1%2BcrJM%3D' into the Git cache...
2026-10-08T09:40:57.5289217Z copying path '/nix/store/lfkkl8qiwp5910xylcxf3256hl5r0ri7-mirrors-list' from 'https://cache.nixos.org'...
2026-10-08T09:40:57.6980404Z copying path '/nix/store/7y3nkp1ygncjr2gbyxc3lj4zim1m7qnz-zlib-1.3.2-static' from 'https://cache.nixos.org'...
2026-10-08T09:40:57.6998418Z copying path '/nix/store/c9bpnmih30f3mc686nzv8z7h72j7g59k-nghttp2-1.69.0' from 'https://cache.nixos.org'...
2026-10-08T09:40:57.7129982Z copying path '/nix/store/nwpiyrf0dxk776ysb6jkfwcvmfsa4sdx-curl-8.20.0-man' from 'https://cache.nixos.org'...
2026-10-08T09:40:57.7652192Z copying path '/nix/store/aasbksznz37vw5pb26wq86209q5cmza8-xgcc-15.2.0-libgcc' from 'https://install.determinate.systems'...
2026-10-08T09:40:57.8304092Z copying path '/nix/store/4i7gvqwiq5mbl5pxh43frzq2nibxvwb5-gnu-config-2024-01-01' from 'https://cache.nixos.org'...
2026-10-08T09:40:57.8340596Z copying path '/nix/store/7nww4d4yl7jzf66qllvyn61xb21vp7ry-gcc-15.2.0-libgcc' from 'https://install.determinate.systems'...
2026-10-08T09:40:57.8351175Z copying path '/nix/store/iymsdj1yqiy7d8pylqvjqxqiqb9lqq94-update-autotools-gnu-config-scripts-hook' from 'https://cache.nixos.org'...
2026-10-08T09:40:57.8687590Z copying path '/nix/store/ipz4lbivx3q7gr79130d6g5ix35vibnw-libunistring-1.4.2' from 'https://install.determinate.systems'...
2026-10-08T09:40:58.2610928Z copying path '/nix/store/zlvydh6q1rv1jza79b21yhi07ic0dkkg-libidn2-2.3.8' from 'https://install.determinate.systems'...
2026-10-08T09:40:58.5645394Z copying path '/nix/store/8kvxvr3pmsypxiypq4g8zy13glnfr7nx-glibc-2.42-67' from 'https://install.determinate.systems'...
2026-10-08T09:40:59.3092543Z copying path '/nix/store/08nfpyc4qhzdkc37nznvfpbybihyr063-attr-2.5.2' from 'https://install.determinate.systems'...
2026-10-08T09:40:59.3098589Z copying path '/nix/store/zh1ijdhb6gng1509b1zrilb6xlzx60j6-bash-5.3p9' from 'https://cache.nixos.org'...
2026-10-08T09:40:59.3101480Z copying path '/nix/store/8gyg3xn9i8xdz42yhbl0d3vmmz8phcs0-bzip2-1.0.8' from 'https://install.determinate.systems'...
2026-10-08T09:40:59.3106951Z copying path '/nix/store/ybmzybab5jpd6k6ij0pchn4jn6jlczlg-ed-1.22.5' from 'https://cache.nixos.org'...
2026-10-08T09:40:59.3116409Z copying path '/nix/store/cdd73p8qiphg0scs02i6lrg1sjsdvbkx-gawk-5.4.0' from 'https://cache.nixos.org'...
2026-10-08T09:40:59.3119166Z copying path '/nix/store/hngmi01i8wgi25a0byrxcn4ysz5j79mw-gcc-15.2.0-lib' from 'https://install.determinate.systems'...
2026-10-08T09:40:59.3125486Z copying path '/nix/store/0hamsiy8hsyfw1hmizbc3bf93ad7fa1v-gnused-4.9' from 'https://cache.nixos.org'...
2026-10-08T09:40:59.3127099Z copying path '/nix/store/i4jf7w00lr5q85r55rc35n83l7iwys73-gnumake-4.4.1' from 'https://cache.nixos.org'...
2026-10-08T09:40:59.3131328Z copying path '/nix/store/c985nba7m9vjl11i39wwhdpxnkxhlz1f-keyutils-1.6.3-lib' from 'https://install.determinate.systems'...
2026-10-08T09:40:59.3132270Z copying path '/nix/store/x2zjc47pkhcwxr4iyv5xj3hdqfzfnyd9-pcre2-10.46' from 'https://install.determinate.systems'...
2026-10-08T09:40:59.3135211Z copying path '/nix/store/n1xnarcyxxkgcs5h23l8ryk0avdmsk3k-nghttp2-1.69.0-lib' from 'https://cache.nixos.org'...
2026-10-08T09:40:59.3136308Z copying path '/nix/store/ci20by4f9vjkpy322f631qcwv6l5z32j-openssl-3.6.2' from 'https://cache.nixos.org'...
2026-10-08T09:40:59.3139064Z copying path '/nix/store/bbk5ss80g5rgnwgn9b8br4l29km8plh9-xz-5.8.3' from 'https://install.determinate.systems'...
2026-10-08T09:40:59.3150865Z copying path '/nix/store/dbz6pb9g67kpgpl95k8d85kzpxm1c32p-zlib-1.3.2' from 'https://install.determinate.systems'...
2026-10-08T09:40:59.3261359Z copying path '/nix/store/vm55g5jg7ra19gdsxsxr092vpb52ayiz-patch-2.8' from 'https://cache.nixos.org'...
2026-10-08T09:40:59.3383930Z copying path '/nix/store/bf4w9hbfia75s34k42gxsn1x59whrck0-nghttp2-1.69.0-dev' from 'https://cache.nixos.org'...
2026-10-08T09:40:59.3400862Z copying path '/nix/store/h304h5a5y9h1pl6crhz65jlri91nxyay-gzip-1.14' from 'https://cache.nixos.org'...
2026-10-08T09:40:59.4679324Z copying path '/nix/store/x0zgiss9hdzcsll3cswgfa937aqs12rq-acl-2.3.2' from 'https://install.determinate.systems'...
2026-10-08T09:40:59.4819037Z copying path '/nix/store/lc20sfvskz0my6phs73nmsnlrxp06kgb-bzip2-1.0.8-bin' from 'https://cache.nixos.org'...
2026-10-08T09:40:59.4933612Z copying path '/nix/store/a6932cfi2zzgx1qsyrgd1fqh9491c05r-krb5-1.22.2-lib' from 'https://cache.nixos.org'...
2026-10-08T09:40:59.4936075Z copying path '/nix/store/rxwvcdybfbjf92p392yslfqxy75gz72m-openssl-3.6.2-bin' from 'https://cache.nixos.org'...
2026-10-08T09:40:59.5242507Z copying path '/nix/store/a8jlbhcp8p38gz1lfxrkrb6359ksc9fx-openssl-3.6.2-dev' from 'https://cache.nixos.org'...
2026-10-08T09:40:59.5469366Z copying path '/nix/store/w5lmwpf3abphzw1wcfy40a3sb2djw9gl-libssh2-1.11.1' from 'https://cache.nixos.org'...
2026-10-08T09:40:59.5473339Z copying path '/nix/store/y1fmsp7vhpdaclpqbsgm2qyl7yixx4ci-file-5.47' from 'https://cache.nixos.org'...
2026-10-08T09:40:59.5494867Z copying path '/nix/store/a9psmsc93llkravrd50rrv8k3dwdw60x-zlib-1.3.2-dev' from 'https://cache.nixos.org'...
2026-10-08T09:40:59.5512588Z copying path '/nix/store/90n49069jcmw024l1jp72ai9dj5lmilh-krb5-1.22.2' from 'https://cache.nixos.org'...
2026-10-08T09:40:59.5666060Z copying path '/nix/store/jbkfqpgxnnxwnxpvzjw0bjb9p899fpjq-curl-8.20.0' from 'https://cache.nixos.org'...
2026-10-08T09:40:59.5675761Z copying path '/nix/store/b6dac7q3270fhwxr0glxi35hrhw2v97r-libssh2-1.11.1-dev' from 'https://cache.nixos.org'...
2026-10-08T09:40:59.5916525Z copying path '/nix/store/w89lngipd4prsb03m5fkpf4x3036scl0-krb5-1.22.2-dev' from 'https://cache.nixos.org'...
2026-10-08T09:40:59.6035396Z copying path '/nix/store/k0ha2r9v214m0gg1hl688a0y5149y1q3-curl-8.20.0-bin' from 'https://cache.nixos.org'...
2026-10-08T09:40:59.6191340Z copying path '/nix/store/0kdxyv90bclwbvw10fr28j5i16zrr9m8-curl-8.20.0-dev' from 'https://cache.nixos.org'...
2026-10-08T09:40:59.6284095Z copying path '/nix/store/066fzlsj0wdq2sqxjrksysfxyr4r5f72-gnutar-1.35' from 'https://cache.nixos.org'...
2026-10-08T09:40:59.6509932Z copying path '/nix/store/y5zljns1fbcdgh5pp1szjlw0j11xxvcy-xz-5.8.3-bin' from 'https://cache.nixos.org'...
2026-10-08T09:40:59.7104610Z copying path '/nix/store/w8xlvapzxcz23ba312q119p57bnc7200-gnugrep-3.12' from 'https://cache.nixos.org'...
2026-10-08T09:40:59.9145087Z copying path '/nix/store/rfabfsmwq02sn94mb3qg9jwvxbqfwmsr-gmp-with-cxx-6.3.0' from 'https://cache.nixos.org'...
2026-10-08T09:40:59.9146566Z copying path '/nix/store/jbav217344pndjbghzyjmh0mkzy1973i-patchelf-0.15.2' from 'https://cache.nixos.org'...
2026-10-08T09:40:59.9236462Z copying path '/nix/store/sr26flm2nkfa12dkrwj2630kqsfakky4-coreutils-9.11' from 'https://cache.nixos.org'...
2026-10-08T09:40:59.9384895Z copying path '/nix/store/3c05s0vxy8wafaa7lkj4bfh69wa0ch10-diffutils-3.12' from 'https://cache.nixos.org'...
2026-10-08T09:40:59.9386855Z copying path '/nix/store/zjwih3d9rrrw4ixll52wsy0538p7vdfd-findutils-4.10.0' from 'https://cache.nixos.org'...
2026-10-08T09:40:59.9616566Z copying path '/nix/store/pr27j8nm0xl52pq4ylncj9kwjw3b84mk-stdenv-linux' from 'https://cache.nixos.org'...
2026-10-08T09:40:59.9670463Z building '/nix/store/nydgpfw1yy4zap9xby9brlcvnxg6ba6s-channel-rust-nightly.toml.drv'...
2026-10-08T09:41:01.5502601Z copying path '/nix/store/gdsajkamj68va7gl12sdqj4q562jg6rm-source' from 'https://cache.nixos.org'...
2026-10-08T09:41:14.0794538Z ##[group]Run actions/cache@v6
2026-10-08T09:41:14.0794827Z with:
2026-10-08T09:41:14.0795053Z   path: .ci-cache/rumoca-runtime
2026-10-08T09:41:14.0795522Z   key: rumoca-runtime-Linux-X64-w2zpjsf3x0lpcvv179nw77cmc553bkwm-rumoca-runtime-0.10.2
2026-10-08T09:41:14.0796025Z   enableCrossOsArchive: false
2026-10-08T09:41:14.0796287Z   fail-on-cache-miss: false
2026-10-08T09:41:14.0796535Z   lookup-only: false
2026-10-08T09:41:14.0796754Z   save-always: false
2026-10-08T09:41:14.0796968Z env:
2026-10-08T09:41:14.0797264Z   DETSYS_BACKTRACE_COLLECTOR: 3b20edeb-019a-4f8c-b246-d63fd6868fb0
2026-10-08T09:41:14.0797645Z   DETERMINATE_NIX_KVM: 1
2026-10-08T09:41:14.0797882Z ##[endgroup]
2026-10-08T09:41:14.4019691Z Cache hit for: rumoca-runtime-Linux-X64-w2zpjsf3x0lpcvv179nw77cmc553bkwm-rumoca-runtime-0.10.2
2026-10-08T09:41:15.6424166Z Received 20971520 of 69074506 (30.4%), 20.0 MBs/sec
2026-10-08T09:41:16.3535887Z Received 69074506 of 69074506 (100.0%), 38.5 MBs/sec
2026-10-08T09:41:16.3538527Z Cache Size: ~66 MB (69074506 B)
2026-10-08T09:41:16.3603630Z [command]/usr/bin/tar -xf /home/runner/work/_temp/a3d7e8f0-bbf7-4a8d-9965-0da9ddb37591/cache.tzst -P -C /home/runner/work/modelica_models/modelica_models --use-compress-program unzstd
2026-10-08T09:41:16.7122795Z Cache restored successfully
2026-10-08T09:41:16.7236809Z Cache restored from key: rumoca-runtime-Linux-X64-w2zpjsf3x0lpcvv179nw77cmc553bkwm-rumoca-runtime-0.10.2
2026-10-08T09:41:16.7353914Z ##[group]Run python -m tools.modelica_models_cli.nix_cache ensure .ci-cache/rumoca-runtime
2026-10-08T09:41:16.7354639Z [36;1mpython -m tools.modelica_models_cli.nix_cache ensure .ci-cache/rumoca-runtime[0m
2026-10-08T09:41:16.7418146Z shell: /usr/bin/bash -e {0}
2026-10-08T09:41:16.7418412Z env:
2026-10-08T09:41:16.7418719Z   DETSYS_BACKTRACE_COLLECTOR: 3b20edeb-019a-4f8c-b246-d63fd6868fb0
2026-10-08T09:41:16.7419287Z   DETERMINATE_NIX_KVM: 1
2026-10-08T09:41:16.7419525Z ##[endgroup]
2026-10-08T09:41:24.4247195Z these 15 paths will be fetched (56.1 MiB download, 154.7 MiB unpacked):
2026-10-08T09:41:24.4248305Z   /nix/store/lawdl6fwyj55dign3dasn96cy1asgags-expat-2.8.1
2026-10-08T09:41:24.4249559Z   /nix/store/75bbfamip7akc94cpds1zq3xrjsj048y-gdbm-1.26-lib
2026-10-08T09:41:24.4250509Z   /nix/store/chc8cxmnqxgnf4i0y89m292wm6290qsy-libffi-3.5.2
2026-10-08T09:41:24.4251336Z   /nix/store/mlcv28rh7faq6iqmm9vkny11hbbicgir-libxcrypt-4.5.2
2026-10-08T09:41:24.4252276Z   /nix/store/xakkd7mhg6dindq35ji8smr4j9ypwpn7-mailcap-2.1.54
2026-10-08T09:41:24.4253270Z   /nix/store/xnlpfhi3m3in4b1h8h905hpv97gc8b07-mpdecimal-4.0.1
2026-10-08T09:41:24.4254014Z   /nix/store/mxq1r9w2w2y9lsqb5fkcyb5xbbki1n57-ncurses-6.6
2026-10-08T09:41:24.4254781Z   /nix/store/l0vl4dali2mvbpi30a8da1f71jl85myg-openssl-3.6.2
2026-10-08T09:41:24.4255585Z   /nix/store/d69yn2v7lzyh29rykj0ldnih67xps5s0-python3-3.12.13
2026-10-08T09:41:24.4256370Z   /nix/store/im7mcigg1x2bq9rg7z3h3i26pjmss0c7-readline-8.3p3
2026-10-08T09:41:24.4257144Z   /nix/store/12cm2m4pdfanj5li94hwxpdfzrfdfngj-sqlite-3.51.2
2026-10-08T09:41:24.4258037Z   /nix/store/bv90l7ic5p0alcjqlcwmgxf76zx3zg20-systemd-minimal-libs-260.2
2026-10-08T09:41:24.4258828Z   /nix/store/ga3b95jkyvknam1nxl25r95nyk87ix25-tzdata-2026b
2026-10-08T09:41:24.4259712Z   /nix/store/nvzf6a62pyd9fsddawhl2dwhm7sjcby4-util-linux-minimal-2.42-lib
2026-10-08T09:41:24.4260606Z   /nix/store/0qdnzsvkajxygnx9i70dbg6bfn1mf23f-util-linux-minimal-2.42-login
2026-10-08T09:41:24.4271387Z copying path '/nix/store/l0vl4dali2mvbpi30a8da1f71jl85myg-openssl-3.6.2' from 'https://install.determinate.systems'...
2026-10-08T09:41:24.4274284Z copying path '/nix/store/12cm2m4pdfanj5li94hwxpdfzrfdfngj-sqlite-3.51.2' from 'https://install.determinate.systems'...
2026-10-08T09:41:24.4295592Z copying path '/nix/store/xakkd7mhg6dindq35ji8smr4j9ypwpn7-mailcap-2.1.54' from 'https://cache.nixos.org'...
2026-10-08T09:41:24.4300861Z copying path '/nix/store/ga3b95jkyvknam1nxl25r95nyk87ix25-tzdata-2026b' from 'https://cache.nixos.org'...
2026-10-08T09:41:24.4303077Z copying path '/nix/store/lawdl6fwyj55dign3dasn96cy1asgags-expat-2.8.1' from 'https://cache.nixos.org'...
2026-10-08T09:41:24.4304342Z copying path '/nix/store/75bbfamip7akc94cpds1zq3xrjsj048y-gdbm-1.26-lib' from 'https://cache.nixos.org'...
2026-10-08T09:41:24.4310426Z copying path '/nix/store/chc8cxmnqxgnf4i0y89m292wm6290qsy-libffi-3.5.2' from 'https://cache.nixos.org'...
2026-10-08T09:41:24.4311984Z copying path '/nix/store/mlcv28rh7faq6iqmm9vkny11hbbicgir-libxcrypt-4.5.2' from 'https://cache.nixos.org'...
2026-10-08T09:41:24.4315436Z copying path '/nix/store/xnlpfhi3m3in4b1h8h905hpv97gc8b07-mpdecimal-4.0.1' from 'https://cache.nixos.org'...
2026-10-08T09:41:24.4328403Z copying path '/nix/store/mxq1r9w2w2y9lsqb5fkcyb5xbbki1n57-ncurses-6.6' from 'https://cache.nixos.org'...
2026-10-08T09:41:24.4337330Z copying path '/nix/store/nvzf6a62pyd9fsddawhl2dwhm7sjcby4-util-linux-minimal-2.42-lib' from 'https://cache.nixos.org'...
2026-10-08T09:41:24.4515824Z copying path '/nix/store/0qdnzsvkajxygnx9i70dbg6bfn1mf23f-util-linux-minimal-2.42-login' from 'https://cache.nixos.org'...
2026-10-08T09:41:24.4612030Z copying path '/nix/store/bv90l7ic5p0alcjqlcwmgxf76zx3zg20-systemd-minimal-libs-260.2' from 'https://cache.nixos.org'...
2026-10-08T09:41:24.6045922Z copying path '/nix/store/im7mcigg1x2bq9rg7z3h3i26pjmss0c7-readline-8.3p3' from 'https://cache.nixos.org'...
2026-10-08T09:41:25.0300775Z copying path '/nix/store/d69yn2v7lzyh29rykj0ldnih67xps5s0-python3-3.12.13' from 'https://cache.nixos.org'...
2026-10-08T09:41:25.7175331Z warning: you did not specify '--add-root'; the result might be removed by the garbage collector
2026-10-08T09:41:25.7197625Z /nix/store/aasbksznz37vw5pb26wq86209q5cmza8-xgcc-15.2.0-libgcc
2026-10-08T09:41:25.7198464Z /nix/store/ipz4lbivx3q7gr79130d6g5ix35vibnw-libunistring-1.4.2
2026-10-08T09:41:25.7199188Z /nix/store/zlvydh6q1rv1jza79b21yhi07ic0dkkg-libidn2-2.3.8
2026-10-08T09:41:25.7199924Z /nix/store/8kvxvr3pmsypxiypq4g8zy13glnfr7nx-glibc-2.42-67
2026-10-08T09:41:25.7201112Z /nix/store/mlcv28rh7faq6iqmm9vkny11hbbicgir-libxcrypt-4.5.2
2026-10-08T09:41:25.7201984Z /nix/store/0qdnzsvkajxygnx9i70dbg6bfn1mf23f-util-linux-minimal-2.42-login
2026-10-08T09:41:25.7203050Z /nix/store/dbz6pb9g67kpgpl95k8d85kzpxm1c32p-zlib-1.3.2
2026-10-08T09:41:25.7203760Z /nix/store/12cm2m4pdfanj5li94hwxpdfzrfdfngj-sqlite-3.51.2
2026-10-08T09:41:25.7204520Z /nix/store/75bbfamip7akc94cpds1zq3xrjsj048y-gdbm-1.26-lib
2026-10-08T09:41:25.7205309Z /nix/store/7nww4d4yl7jzf66qllvyn61xb21vp7ry-gcc-15.2.0-libgcc
2026-10-08T09:41:25.7206040Z /nix/store/8gyg3xn9i8xdz42yhbl0d3vmmz8phcs0-bzip2-1.0.8
2026-10-08T09:41:25.7206682Z /nix/store/bbk5ss80g5rgnwgn9b8br4l29km8plh9-xz-5.8.3
2026-10-08T09:41:25.7207392Z /nix/store/chc8cxmnqxgnf4i0y89m292wm6290qsy-libffi-3.5.2
2026-10-08T09:41:25.7208150Z /nix/store/ga3b95jkyvknam1nxl25r95nyk87ix25-tzdata-2026b
2026-10-08T09:41:25.7208887Z /nix/store/hngmi01i8wgi25a0byrxcn4ysz5j79mw-gcc-15.2.0-lib
2026-10-08T09:41:25.7209652Z /nix/store/mxq1r9w2w2y9lsqb5fkcyb5xbbki1n57-ncurses-6.6
2026-10-08T09:41:25.7210408Z /nix/store/im7mcigg1x2bq9rg7z3h3i26pjmss0c7-readline-8.3p3
2026-10-08T09:41:25.7211201Z /nix/store/l0vl4dali2mvbpi30a8da1f71jl85myg-openssl-3.6.2
2026-10-08T09:41:25.7211946Z /nix/store/lawdl6fwyj55dign3dasn96cy1asgags-expat-2.8.1
2026-10-08T09:41:25.7213012Z /nix/store/nvzf6a62pyd9fsddawhl2dwhm7sjcby4-util-linux-minimal-2.42-lib
2026-10-08T09:41:25.7214051Z /nix/store/xakkd7mhg6dindq35ji8smr4j9ypwpn7-mailcap-2.1.54
2026-10-08T09:41:25.7214815Z /nix/store/xnlpfhi3m3in4b1h8h905hpv97gc8b07-mpdecimal-4.0.1
2026-10-08T09:41:25.7215493Z /nix/store/zh1ijdhb6gng1509b1zrilb6xlzx60j6-bash-5.3p9
2026-10-08T09:41:25.7216160Z /nix/store/d69yn2v7lzyh29rykj0ldnih67xps5s0-python3-3.12.13
2026-10-08T09:41:25.7216961Z /nix/store/bv90l7ic5p0alcjqlcwmgxf76zx3zg20-systemd-minimal-libs-260.2
2026-10-08T09:41:26.2578194Z /nix/store/9n5x0k9rgz1mxgfmlw98sd0cxpqpacgi-rumoca-python-runtime-0.10.2
2026-10-08T09:41:26.2579402Z /nix/store/gshrjiwc2s5mdv8p875h9as7qxid94hd-rumoca-0.10.2
2026-10-08T09:41:26.2580403Z /nix/store/w2zpjsf3x0lpcvv179nw77cmc553bkwm-rumoca-runtime-0.10.2
2026-10-08T09:41:26.3019311Z rumoca 0.10.2
2026-10-08T09:41:26.3023789Z Importing cached Rumoca runtime /nix/store/w2zpjsf3x0lpcvv179nw77cmc553bkwm-rumoca-runtime-0.10.2
2026-10-08T09:41:26.3133167Z ##[group]Run nix run . -- qualify rdd2
2026-10-08T09:41:26.3133528Z [36;1mnix run . -- qualify rdd2[0m
2026-10-08T09:41:26.3196000Z shell: /usr/bin/bash -e {0}
2026-10-08T09:41:26.3196262Z env:
2026-10-08T09:41:26.3196569Z   DETSYS_BACKTRACE_COLLECTOR: 3b20edeb-019a-4f8c-b246-d63fd6868fb0
2026-10-08T09:41:26.3196956Z   DETERMINATE_NIX_KVM: 1
2026-10-08T09:41:26.3197199Z   RDD2_SIM_WORKERS: 1
2026-10-08T09:41:26.3197422Z ##[endgroup]
2026-10-08T09:41:31.8214260Z these 2 derivations will be built:
2026-10-08T09:41:31.8218820Z   /nix/store/8q70a8gnpbcd32yddz174bixn34r0fa7-python3-3.12.13-env.drv
2026-10-08T09:41:31.8219825Z   /nix/store/vl14dd9vrrqlp54qda6n4bsjy5byq1i5-modelica-models-tools-0.1.0.drv
2026-10-08T09:41:31.8220789Z these 142 paths will be fetched (257.6 MiB download, 1000.6 MiB unpacked):
2026-10-08T09:41:31.8221500Z   /nix/store/g0iqacr2c3q64lhb3zq7w0rcxxyz4p8a-acl-2.3.2
2026-10-08T09:41:31.8222103Z   /nix/store/23k009x6ahbn9whivq79llcm6207m0fb-attr-2.5.2
2026-10-08T09:41:31.8223021Z   /nix/store/v8llyqw71lygr2llhmcc8ya5bdlzq45v-bash-5.3p9
2026-10-08T09:41:31.8223615Z   /nix/store/ab4xm9qwp1s0137ziijc342f1gwx8xs3-bin
2026-10-08T09:41:31.8224248Z   /nix/store/ddk8rvjihg4vhh1k6x9rc65y1zb1kx34-binutils-2.46
2026-10-08T09:41:31.8225021Z   /nix/store/g1s34kbai0ccbq8s3hvqwh10zs9as5dc-binutils-2.46-lib
2026-10-08T09:41:31.8225932Z   /nix/store/nhjmc8clp6igx6n6zrjxlh7zri78p7ng-binutils-wrapper-2.46
2026-10-08T09:41:31.8226688Z   /nix/store/fc64qik8w0h0virhy5nm2q46xf5dv5xi-blas-3
2026-10-08T09:41:31.8227399Z   /nix/store/08hc10748vyr3whw6zlpm2b3zhqkavb9-blas-3-dev
2026-10-08T09:41:31.8228163Z   /nix/store/ysap8hrzgxnrk1dbhp7sijk244hvlq3h-brotli-1.2.0-lib
2026-10-08T09:41:31.8229113Z   /nix/store/n17p4y03iknmyjpnfk30rj7i0klr448n-builder.pl
2026-10-08T09:41:31.8229674Z   /nix/store/d6fbn1dgh5kq7sl8ydqp2kghj0gx63hb-bzip2-1.0.8
2026-10-08T09:41:31.8230118Z   /nix/store/bnjhp47nmncm9jlrv6q77hpqwbzxmafr-bzip2-1.0.8-bin
2026-10-08T09:41:31.8230673Z   /nix/store/cp7wjv1pl4wapfk48svvizxd089v9h0a-coreutils-9.11
2026-10-08T09:41:31.8231376Z   /nix/store/qh05b1g2am30sqmwbmnyqzgffazbaw86-dav1d-1.5.3
2026-10-08T09:41:31.8232243Z   /nix/store/gi7k29v23s6dv0g28nm4sdllnzahv3yp-dejavu-fonts-minimal-2.37
2026-10-08T09:41:31.8236749Z   /nix/store/d129plyamkdg0aq56xp1vqml9w5w0097-die-hook
2026-10-08T09:41:31.8237507Z   /nix/store/x90w8bcl58l9va6xhvfjgwmwl45vjf0n-diffutils-3.12
2026-10-08T09:41:31.8238300Z   /nix/store/jzvr2p3jn7dmn07z0l5zisnssq5q4x37-ed-1.22.5
2026-10-08T09:41:31.8239209Z   /nix/store/fwqzdadrd3a0qyy9m2cf61cd36f6q54m-ensure-newer-sources-hook
2026-10-08T09:41:31.8240107Z   /nix/store/598n61sdi8426la30ix2f6slj8zkxxq1-expand-response-params
2026-10-08T09:41:31.8241033Z   /nix/store/j85hqiiwgldwzhzydp5cx36wh3dxqnjg-expat-2.8.2
2026-10-08T09:41:31.8241798Z   /nix/store/cqzmdgzwvi3xv3pfl4zymj7yaprkp7c8-file-5.48
2026-10-08T09:41:31.8242500Z   /nix/store/f4bixss3h2i80asiz45aj4qmplvmam4k-findutils-4.10.0
2026-10-08T09:41:31.8243221Z   /nix/store/qyw640vr3vdd9rjzv1zc8xh4z82ngrfm-fontconfig-2.18.1
2026-10-08T09:41:31.8243702Z   /nix/store/g71zvvjz6h8rf7cz8z8v7j8ijw25s6km-fontconfig-2.18.1-lib
2026-10-08T09:41:31.8244437Z   /nix/store/09gac8c1amws12ysg2d8lbhd6ya0rwwa-freetype-2.14.3
2026-10-08T09:41:31.8244873Z   /nix/store/sy2s2bx8cc155mblr31hcbcc2k8nh1pl-fribidi-1.0.16
2026-10-08T09:41:31.8245353Z   /nix/store/cb4h2p8j9m45riqawxlfndpz4arlv4rs-gawk-5.4.0
2026-10-08T09:41:31.8246012Z   /nix/store/0axpqqmj1rcanmm2i8vzpd8xxwkmq2jf-gcc-15.2.0
2026-10-08T09:41:31.8246435Z   /nix/store/8lahnh9pn3lrrnhax5nk7ibvjcbjmnkm-gcc-15.2.0-lib
2026-10-08T09:41:31.8246902Z   /nix/store/wlj7fzgbchbxhd6hplwm2dwl15gizcn5-gcc-15.2.0-libgcc
2026-10-08T09:41:31.8247620Z   /nix/store/vdaz6sk455r8sbpi7wzaf9vlz5i9yyvx-gcc-wrapper-15.2.0
2026-10-08T09:41:31.8248083Z   /nix/store/giahbcq4g1jjawnr95zs116yf52rz1hp-gdbm-1.26-lib
2026-10-08T09:41:31.8248818Z   /nix/store/qjhvmcbysvdvvrxc26bgz0b28jhikqs5-gdk-pixbuf-2.44.6
2026-10-08T09:41:31.8249319Z   /nix/store/6xqf808by1z4wa1dcg73gs9dyklz3cs4-gfortran-15.2.0-lib
2026-10-08T09:41:31.8250309Z   /nix/store/c7bciyca7vg2akwrq1dn84604q5d1ksl-gfortran-15.2.0-libgcc
2026-10-08T09:41:31.8250835Z   /nix/store/59l00g2kyccjpazi8s1170hmbpx4ppmi-giflib-6.1.3
2026-10-08T09:41:31.8251508Z   /nix/store/vx2aqxs99ii6pkzndddnbrsqbc4jwpb6-glib-2.88.1
2026-10-08T09:41:31.8251927Z   /nix/store/ias8xacs1h3jy7xgwi2awvim61k2ji6c-glibc-2.42-67
2026-10-08T09:41:31.8252424Z   /nix/store/1k05xwhd5wjciwrr6zd54mfw8za5lqnz-glibc-2.42-67-bin
2026-10-08T09:41:31.8253416Z   /nix/store/9bpdf8r3rlrffl5y5188xd8mb879vpb8-glibc-2.42-67-dev
2026-10-08T09:41:31.8253870Z   /nix/store/sm8d344y56vapywffbs6b6hn2vmvvcym-gmp-6.3.0
2026-10-08T09:41:31.8254501Z   /nix/store/6yxih2q7hd8z4ibf2zwbgggy6hgad8gl-gmp-with-cxx-6.3.0
2026-10-08T09:41:31.8255062Z   /nix/store/k1f8jdwjl34jf5dhgmbdm2xi904i9xcf-gnu-config-2024-01-01
2026-10-08T09:41:31.8255701Z   /nix/store/p48bl1kiw42fakak404srawmlr730b7j-gnugrep-3.12
2026-10-08T09:41:31.8256243Z   /nix/store/5hndr36f8c9d9z305r27z6dxkhysng95-gnumake-4.4.1
2026-10-08T09:41:31.8256732Z   /nix/store/68d86idclxs6bfaqprmdx052xqy9qlv9-gnused-4.10
2026-10-08T09:41:31.8257387Z   /nix/store/fq62mc3s8ddxgk1nvlbzly2zmr7v2cax-gnutar-1.35
2026-10-08T09:41:31.8257816Z   /nix/store/v1ichmdzxbjfxq484gq5im2b8j9p3i9k-graphite2-1.3.15
2026-10-08T09:41:31.8258523Z   /nix/store/ljxnca2bb04vlrhivnl7j7p1ph9xz4sg-gzip-1.14
2026-10-08T09:41:31.8258931Z   /nix/store/sqnii8dl55xsjyyp11z8yj8kn4m98arv-harfbuzz-13.2.1
2026-10-08T09:41:31.8259425Z   /nix/store/326813d3lvi7i4kyp4jvhllxmy87a31v-isl-0.20
2026-10-08T09:41:31.8260003Z   /nix/store/a02lf29v5wvjyn6b0w1yg72qcsmcz4zm-lapack-3
2026-10-08T09:41:31.8260395Z   /nix/store/izb1p6b5097qdpiq9c3rgsnw6zkhrcir-lapack-3-dev
2026-10-08T09:41:31.8260814Z   /nix/store/mv5csk78l1b3mkwg9i0c0syk03g9lapz-lcms2-2.19.1
2026-10-08T09:41:31.8261385Z   /nix/store/jh4w8x8djc9hgiln92kp91b0pk71n5h9-lerc-4.1.0
2026-10-08T09:41:31.8261894Z   /nix/store/rj1r78hwc3hc5pzf5yrp0rls8pnaxq2p-libaom-3.12.1
2026-10-08T09:41:31.8262470Z   /nix/store/310a5dkk208avcssn660rwlbh37kxd8h-libavif-1.4.2
2026-10-08T09:41:31.8263136Z   /nix/store/zgpjwny2lj1xzvb48ssx9g7g5p8bngvf-libdeflate-1.25
2026-10-08T09:41:31.8263568Z   /nix/store/rkfkkdgwz8y31hk76i4b9s59h5raya9n-libffi-3.5.2
2026-10-08T09:41:31.8264096Z   /nix/store/clqknm3pgln8pxb6n7iamffk313nr91r-libidn2-2.3.8
2026-10-08T09:41:31.8264573Z   /nix/store/mvmfmzsbzapr4g55y04ran4js67l6f55-libimagequant-4.4.1
2026-10-08T09:41:31.8265153Z   /nix/store/2my7dfwg31bziws1ck2sqrwbj05nbdn1-libjpeg-turbo-3.1.4.1
2026-10-08T09:41:31.8265833Z   /nix/store/was9mzb163p78zw2a1abv9zqcx5qm30b-libmpc-1.4.1
2026-10-08T09:41:31.8266273Z   /nix/store/p2qkymfwxislcs4dfsw1hl8pia59q8pz-libpng-apng-1.6.58
2026-10-08T09:41:31.8266722Z   /nix/store/rpiikzya2jm9jsl67xs8z05jwlhwqp01-libraqm-0.10.5
2026-10-08T09:41:31.8267305Z   /nix/store/cb5yp2g2hvx9dd40j6qx78c1778crrfi-libselinux-3.10
2026-10-08T09:41:31.8267895Z   /nix/store/bviwi9lin0hv2dnqhcc6d63cc91sgn2c-libtiff-4.7.1
2026-10-08T09:41:31.8268349Z   /nix/store/dxszpyw0pn7h1cxi1y6l33nmwk7f5knn-libunistring-1.4.2
2026-10-08T09:41:31.8268925Z   /nix/store/b2dlgdzn0wibj66nrg8wkczrr59yrvl5-libvmaf-3.0.0
2026-10-08T09:41:31.8269498Z   /nix/store/0n517hiwwwja7dmaz536f6rdanfs0gdc-libwebp-1.6.0
2026-10-08T09:41:31.8269910Z   /nix/store/arpk7prynk6iqwbh0204k878nv1ypyg2-libx11-1.8.13
2026-10-08T09:41:31.8270578Z   /nix/store/4shkpw9q0f12z737zjvh89246zszkiq8-libxau-1.0.12
2026-10-08T09:41:31.8271021Z   /nix/store/zyvz6mkqf6iihqr5yfvmfr2inafxdlq4-libxcb-1.17.0
2026-10-08T09:41:31.8271437Z   /nix/store/s8bvq48mqjiw3firz3l9wx19h55vldy4-libxcrypt-4.5.2
2026-10-08T09:41:31.8272318Z   /nix/store/fgbrpz911jb9pxw0ys4cp5cv2rr7yh6p-libxdmcp-1.1.5
2026-10-08T09:41:31.8273301Z   /nix/store/63cfg8v0qaaqfhxc0nm1kldc0ddlv6a9-libxft-2.3.9
2026-10-08T09:41:31.8274055Z   /nix/store/xdj75qn68sq2sba1w3dbmhi7xkzqhaw7-libxml2-2.15.3
2026-10-08T09:41:31.8274579Z   /nix/store/2d66s80gf82kkyy6kdh5x3qkmazwjzb4-libxrender-0.9.12
2026-10-08T09:41:31.8275005Z   /nix/store/n0j6h9wwy9ladp4r1jc07igmfyrp2i52-libyuv-1908
2026-10-08T09:41:31.8275613Z   /nix/store/yw98vhdfa6jbk5xkfh0hq4rz3zlig8cn-linux-headers-7.0
2026-10-08T09:41:31.8276072Z   /nix/store/l3y37q7npzc92hnpz6xqss0cjhzvx07p-mailcap-2.1.54
2026-10-08T09:41:31.8276544Z   /nix/store/sbq2bpvb8d9s9xn6rl46fxaxhalrrgsm-make-binary-wrapper-hook
2026-10-08T09:41:31.8277168Z   /nix/store/k2rf4a2h1m2q4vk5c6ssvdalijk92v4l-make-shell-wrapper-hook
2026-10-08T09:41:31.8277848Z   /nix/store/p5219bn1m6yr6q5nkx69h0aw7qijq8rw-mpdecimal-4.0.1
2026-10-08T09:41:31.8278258Z   /nix/store/6lqdk6hy2gy62idd9rwhsf3cy8v8l6s0-mpfr-4.2.2
2026-10-08T09:41:31.8278945Z   /nix/store/62qhvy2m2lpqj7ca39j9wvp2kkcxwdcg-ncurses-6.6
2026-10-08T09:41:31.8279432Z   /nix/store/fa5m70y3w60q3573jzs24b5pwd0dgxf1-omp-checkPhase-hook
2026-10-08T09:41:31.8279896Z   /nix/store/rrg3j7fkgcv1w1v3ydqg98jxz1c51x80-openblas-0.3.33
2026-10-08T09:41:31.8280338Z   /nix/store/hgx6371r4z6pd0n2clnipi5ibp09kvxy-openjpeg-2.5.4
2026-10-08T09:41:31.8280764Z   /nix/store/1p2gjq4x396yj65rig8fyzhrdza0psd6-openssl-3.6.3
2026-10-08T09:41:31.8281176Z   /nix/store/bx13mhzpi1va0gccy86ycpbdj9agaw46-patch-2.8
2026-10-08T09:41:31.8281586Z   /nix/store/if2h609psbpg1ysf1m27dpshjk2wzpk4-patchelf-0.15.2
2026-10-08T09:41:31.8282097Z   /nix/store/n2r7cb0l9w9wx02k2hpwgzzp5vmb216a-pcre2-10.46
2026-10-08T09:41:31.8283005Z   /nix/store/cc9zsahxyx5my7bqid4dzkljw2dd9ygm-perl-5.42.0
2026-10-08T09:41:31.8283813Z   /nix/store/5njpji1qkl76qfh8yyv25jd3fh4n5dy6-pypa-build-hook.sh
2026-10-08T09:41:31.8284552Z   /nix/store/aaz3hq4i7hf35zcilajbqfqrw3w353fn-pypa-install-hook
2026-10-08T09:41:31.8285057Z   /nix/store/iarwnvs06d9snssgmy898s9kss423j9y-python-catch-conflicts-hook
2026-10-08T09:41:31.8285610Z   /nix/store/3v3azw51ajgsv8rmnnbgqay5xf7y85wy-python-imports-check-hook.sh
2026-10-08T09:41:31.8286147Z   /nix/store/38wvycmnv1kkhw16vdzmq6fc8j6y4sy3-python-namespaces-hook.sh
2026-10-08T09:41:31.8286834Z   /nix/store/jy27m7nbvvcp72bjg60v1j27ckr7icwz-python-output-dist-hook
2026-10-08T09:41:31.8287367Z   /nix/store/32631mp2v50sj95vjnysaq2dj7ik93yw-python-remove-bin-bytecode-hook
2026-10-08T09:41:31.8287926Z   /nix/store/47mdcl8anpmrpa3xyllgz2m9bj9wi5ib-python-remove-tests-dir-hook
2026-10-08T09:41:31.8288675Z   /nix/store/ay80aa70q9lax1y9js311ag3fsmqib82-python-runtime-deps-check-hook.sh
2026-10-08T09:41:31.8289487Z   /nix/store/3jm89jy56cprn52iw8vanpav58hlcj1v-python3-3.12.13
2026-10-08T09:41:31.8290191Z   /nix/store/56sm2sdin6lafqhcarqzbp3yz0vqcrsx-python3.12-build-1.5.0
2026-10-08T09:41:31.8291063Z   /nix/store/z8lxskrpmpisvwjx8s6z04i968gknivm-python3.12-contourpy-1.3.3
2026-10-08T09:41:31.8291788Z   /nix/store/18zfgn10nma8ql22bw049c872yric02v-python3.12-cycler-0.12.1
2026-10-08T09:41:31.8292661Z   /nix/store/jxaf8dvjhd1wylcns50rdiv05gccnhaf-python3.12-fonttools-4.63.0
2026-10-08T09:41:31.8293733Z   /nix/store/fxia14xry2pyi6b1lhn2v33hxycccdcq-python3.12-installer-1.0.1
2026-10-08T09:41:31.8294600Z   /nix/store/vn8qbdxfahld71w0i61ddna2pyw43yh8-python3.12-kiwisolver-1.4.9
2026-10-08T09:41:31.8295334Z   /nix/store/rzxydmgclrzra4a9fy0iw2y8i9idi02z-python3.12-matplotlib-3.11.0
2026-10-08T09:41:31.8296243Z   /nix/store/anicqbzl1fcz4x8y8hfd1vbwlfgc0z5f-python3.12-numpy-2.5.0
2026-10-08T09:41:31.8297027Z   /nix/store/zyawkxgfvqi3clkprapxha8mzj4klphd-python3.12-packaging-26.2
2026-10-08T09:41:31.8297907Z   /nix/store/nmxjgzqyjqwdr14kg1pd9z3pnzjc2nr9-python3.12-pillow-12.3.0
2026-10-08T09:41:31.8298716Z   /nix/store/1z010s96hgvpnb0x6b0y0i0646fqjgrp-python3.12-pyparsing-3.3.2
2026-10-08T09:41:31.8299383Z   /nix/store/m2mrhnv1m4yfchdj50gqc5577brmrl81-python3.12-pyproject-hooks-1.2.0
2026-10-08T09:41:31.8299999Z   /nix/store/ncivq9fw34qmmwxpw00nwiwhvll8q46s-python3.12-python-dateutil-2.9.0.post0
2026-10-08T09:41:31.8300757Z   /nix/store/d288c9pnwwamj14w6cnbzdq2jzrjqbjg-python3.12-setuptools-82.0.1
2026-10-08T09:41:31.8301470Z   /nix/store/ggg472qb98243lykmnzhcrci8yz36sip-python3.12-six-1.17.0
2026-10-08T09:41:31.8302000Z   /nix/store/0plm6pbdk8al8ralms6845wjsxqblx55-python3.12-tkinter-3.12.13
2026-10-08T09:41:31.8302995Z   /nix/store/wc1qm5p7xnp80y0nybn1ii977lwf6rvv-python3.12-wheel-0.47.0
2026-10-08T09:41:31.8303810Z   /nix/store/s2wy5jnql7fz0fxyh3q6lny0hcqx06a3-qhull-2020.2
2026-10-08T09:41:31.8304457Z   /nix/store/3yfiiflma4rfll7fyjzk5f2k58j859jq-readline-8.3p3
2026-10-08T09:41:31.8304907Z   /nix/store/ys77wd39wlgzrwqz9gfw1c45bc1mmklh-sqlite-3.53.1
2026-10-08T09:41:31.8305618Z   /nix/store/sg7xjcivmh51ckjdr7bjik3lghd8kjax-stdenv-linux
2026-10-08T09:41:31.8306094Z   /nix/store/gikfyrrg5a864lkr2px8rgkgd4b61ri2-stdenv-linux-no-cc
2026-10-08T09:41:31.8306682Z   /nix/store/hi4cl8v2435skr1vsmc3qmzz4gv2xr3s-tcl-8.6.16
2026-10-08T09:41:31.8307205Z   /nix/store/fyb501fnnlx9rivn7qk27xjw04ak9xrc-tix-8.4.3
2026-10-08T09:41:31.8307585Z   /nix/store/8iz2b72w9jijmxcjhrk2jwigil20b0hi-tk-8.6.16
2026-10-08T09:41:31.8308248Z   /nix/store/bzzvmj6wh8a7mqvq9i54fmvpsdxz4zqj-tzdata-2026b
2026-10-08T09:41:31.8308800Z   /nix/store/0vj9lp345wbhfdagi0vr0wmczyjdsk3f-update-autotools-gnu-config-scripts-hook
2026-10-08T09:41:31.8309715Z   /nix/store/bnz12q7krhpam19qyy7my8vyy2fq9vkx-util-linux-minimal-2.42.2-lib
2026-10-08T09:41:31.8310486Z   /nix/store/b4r5xlxclsvy3z6fvvwf74vln5l1hw4y-wayland-1.25.0
2026-10-08T09:41:31.8310940Z   /nix/store/nnsga35cavn5ygaa1brxwv4k09x0x2z3-wrap-python-hook
2026-10-08T09:41:31.8311653Z   /nix/store/hps7pxvcgq32x46yx5a2nx53js5j41vb-xgcc-15.2.0-libgcc
2026-10-08T09:41:31.8312084Z   /nix/store/q7fhx54vz7hs8yr9jph2q8qq8pbg9crz-xz-5.8.3
2026-10-08T09:41:31.8312666Z   /nix/store/68hf1657rfhnzi3s0l3gmqjjh1pr54dy-xz-5.8.3-bin
2026-10-08T09:41:31.8313358Z   /nix/store/b2swxfi8srrbsafvh9iyyhd26mz9giwf-zlib-1.3.2
2026-10-08T09:41:31.8313975Z   /nix/store/vzcikza6c7wxkg9z67plrqkfhbai48cd-zlib-1.3.2-static
2026-10-08T09:41:31.8314498Z   /nix/store/qv6q79r6jwpzi6qm178ifdckavbpq9dq-zstd-1.5.7
2026-10-08T09:41:31.8358302Z copying path '/nix/store/jy27m7nbvvcp72bjg60v1j27ckr7icwz-python-output-dist-hook' from 'https://cache.nixos.org'...
2026-10-08T09:41:31.8362063Z copying path '/nix/store/32631mp2v50sj95vjnysaq2dj7ik93yw-python-remove-bin-bytecode-hook' from 'https://cache.nixos.org'...
2026-10-08T09:41:31.8364731Z copying path '/nix/store/47mdcl8anpmrpa3xyllgz2m9bj9wi5ib-python-remove-tests-dir-hook' from 'https://cache.nixos.org'...
2026-10-08T09:41:31.8536531Z copying path '/nix/store/ab4xm9qwp1s0137ziijc342f1gwx8xs3-bin' from 'https://cache.nixos.org'...
2026-10-08T09:41:31.8538487Z copying path '/nix/store/n17p4y03iknmyjpnfk30rj7i0klr448n-builder.pl' from 'https://cache.nixos.org'...
2026-10-08T09:41:31.8551778Z copying path '/nix/store/l3y37q7npzc92hnpz6xqss0cjhzvx07p-mailcap-2.1.54' from 'https://cache.nixos.org'...
2026-10-08T09:41:31.8559571Z copying path '/nix/store/fa5m70y3w60q3573jzs24b5pwd0dgxf1-omp-checkPhase-hook' from 'https://cache.nixos.org'...
2026-10-08T09:41:31.8578438Z copying path '/nix/store/bzzvmj6wh8a7mqvq9i54fmvpsdxz4zqj-tzdata-2026b' from 'https://cache.nixos.org'...
2026-10-08T09:41:31.8652111Z copying path '/nix/store/d129plyamkdg0aq56xp1vqml9w5w0097-die-hook' from 'https://cache.nixos.org'...
2026-10-08T09:41:31.8655262Z copying path '/nix/store/wlj7fzgbchbxhd6hplwm2dwl15gizcn5-gcc-15.2.0-libgcc' from 'https://cache.nixos.org'...
2026-10-08T09:41:31.8669479Z copying path '/nix/store/k1f8jdwjl34jf5dhgmbdm2xi904i9xcf-gnu-config-2024-01-01' from 'https://cache.nixos.org'...
2026-10-08T09:41:31.8672060Z copying path '/nix/store/yw98vhdfa6jbk5xkfh0hq4rz3zlig8cn-linux-headers-7.0' from 'https://cache.nixos.org'...
2026-10-08T09:41:31.8682632Z copying path '/nix/store/hps7pxvcgq32x46yx5a2nx53js5j41vb-xgcc-15.2.0-libgcc' from 'https://cache.nixos.org'...
2026-10-08T09:41:31.8689360Z copying path '/nix/store/vzcikza6c7wxkg9z67plrqkfhbai48cd-zlib-1.3.2-static' from 'https://cache.nixos.org'...
2026-10-08T09:41:31.8814578Z copying path '/nix/store/c7bciyca7vg2akwrq1dn84604q5d1ksl-gfortran-15.2.0-libgcc' from 'https://cache.nixos.org'...
2026-10-08T09:41:31.8826800Z copying path '/nix/store/dxszpyw0pn7h1cxi1y6l33nmwk7f5knn-libunistring-1.4.2' from 'https://cache.nixos.org'...
2026-10-08T09:41:31.8834036Z copying path '/nix/store/0vj9lp345wbhfdagi0vr0wmczyjdsk3f-update-autotools-gnu-config-scripts-hook' from 'https://cache.nixos.org'...
2026-10-08T09:41:31.8847253Z copying path '/nix/store/gi7k29v23s6dv0g28nm4sdllnzahv3yp-dejavu-fonts-minimal-2.37' from 'https://cache.nixos.org'...
2026-10-08T09:41:31.9009798Z copying path '/nix/store/qyw640vr3vdd9rjzv1zc8xh4z82ngrfm-fontconfig-2.18.1' from 'https://cache.nixos.org'...
2026-10-08T09:41:32.0663586Z copying path '/nix/store/clqknm3pgln8pxb6n7iamffk313nr91r-libidn2-2.3.8' from 'https://cache.nixos.org'...
2026-10-08T09:41:32.0794421Z copying path '/nix/store/ias8xacs1h3jy7xgwi2awvim61k2ji6c-glibc-2.42-67' from 'https://cache.nixos.org'...
2026-10-08T09:41:32.5374091Z copying path '/nix/store/23k009x6ahbn9whivq79llcm6207m0fb-attr-2.5.2' from 'https://cache.nixos.org'...
2026-10-08T09:41:32.5375595Z copying path '/nix/store/v8llyqw71lygr2llhmcc8ya5bdlzq45v-bash-5.3p9' from 'https://cache.nixos.org'...
2026-10-08T09:41:32.5376935Z copying path '/nix/store/ysap8hrzgxnrk1dbhp7sijk244hvlq3h-brotli-1.2.0-lib' from 'https://cache.nixos.org'...
2026-10-08T09:41:32.5384223Z copying path '/nix/store/qh05b1g2am30sqmwbmnyqzgffazbaw86-dav1d-1.5.3' from 'https://cache.nixos.org'...
2026-10-08T09:41:32.5385513Z copying path '/nix/store/jzvr2p3jn7dmn07z0l5zisnssq5q4x37-ed-1.22.5' from 'https://cache.nixos.org'...
2026-10-08T09:41:32.5387874Z copying path '/nix/store/d6fbn1dgh5kq7sl8ydqp2kghj0gx63hb-bzip2-1.0.8' from 'https://cache.nixos.org'...
2026-10-08T09:41:32.5395253Z copying path '/nix/store/598n61sdi8426la30ix2f6slj8zkxxq1-expand-response-params' from 'https://cache.nixos.org'...
2026-10-08T09:41:32.5399593Z copying path '/nix/store/j85hqiiwgldwzhzydp5cx36wh3dxqnjg-expat-2.8.2' from 'https://cache.nixos.org'...
2026-10-08T09:41:32.5401169Z copying path '/nix/store/sy2s2bx8cc155mblr31hcbcc2k8nh1pl-fribidi-1.0.16' from 'https://cache.nixos.org'...
2026-10-08T09:41:32.5403695Z copying path '/nix/store/8lahnh9pn3lrrnhax5nk7ibvjcbjmnkm-gcc-15.2.0-lib' from 'https://cache.nixos.org'...
2026-10-08T09:41:32.5405458Z copying path '/nix/store/giahbcq4g1jjawnr95zs116yf52rz1hp-gdbm-1.26-lib' from 'https://cache.nixos.org'...
2026-10-08T09:41:32.5407237Z copying path '/nix/store/cb4h2p8j9m45riqawxlfndpz4arlv4rs-gawk-5.4.0' from 'https://cache.nixos.org'...
2026-10-08T09:41:32.5408920Z copying path '/nix/store/6xqf808by1z4wa1dcg73gs9dyklz3cs4-gfortran-15.2.0-lib' from 'https://cache.nixos.org'...
2026-10-08T09:41:32.5417634Z copying path '/nix/store/1k05xwhd5wjciwrr6zd54mfw8za5lqnz-glibc-2.42-67-bin' from 'https://cache.nixos.org'...
2026-10-08T09:41:32.5420964Z copying path '/nix/store/59l00g2kyccjpazi8s1170hmbpx4ppmi-giflib-6.1.3' from 'https://cache.nixos.org'...
2026-10-08T09:41:32.5428447Z copying path '/nix/store/sm8d344y56vapywffbs6b6hn2vmvvcym-gmp-6.3.0' from 'https://cache.nixos.org'...
2026-10-08T09:41:32.5494207Z copying path '/nix/store/1p2gjq4x396yj65rig8fyzhrdza0psd6-openssl-3.6.3' from 'https://cache.nixos.org'...
2026-10-08T09:41:32.5573863Z copying path '/nix/store/g0iqacr2c3q64lhb3zq7w0rcxxyz4p8a-acl-2.3.2' from 'https://cache.nixos.org'...
2026-10-08T09:41:32.5626405Z copying path '/nix/store/62qhvy2m2lpqj7ca39j9wvp2kkcxwdcg-ncurses-6.6' from 'https://cache.nixos.org'...
2026-10-08T09:41:32.5678025Z copying path '/nix/store/b2swxfi8srrbsafvh9iyyhd26mz9giwf-zlib-1.3.2' from 'https://cache.nixos.org'...
2026-10-08T09:41:32.5684778Z copying path '/nix/store/bnz12q7krhpam19qyy7my8vyy2fq9vkx-util-linux-minimal-2.42.2-lib' from 'https://cache.nixos.org'...
2026-10-08T09:41:32.5838110Z copying path '/nix/store/p5219bn1m6yr6q5nkx69h0aw7qijq8rw-mpdecimal-4.0.1' from 'https://cache.nixos.org'...
2026-10-08T09:41:32.5854922Z copying path '/nix/store/q7fhx54vz7hs8yr9jph2q8qq8pbg9crz-xz-5.8.3' from 'https://cache.nixos.org'...
2026-10-08T09:41:32.5945553Z copying path '/nix/store/rkfkkdgwz8y31hk76i4b9s59h5raya9n-libffi-3.5.2' from 'https://cache.nixos.org'...
2026-10-08T09:41:32.6023711Z copying path '/nix/store/s8bvq48mqjiw3firz3l9wx19h55vldy4-libxcrypt-4.5.2' from 'https://cache.nixos.org'...
2026-10-08T09:41:32.6047439Z copying path '/nix/store/s2wy5jnql7fz0fxyh3q6lny0hcqx06a3-qhull-2020.2' from 'https://cache.nixos.org'...
2026-10-08T09:41:32.6049422Z copying path '/nix/store/5hndr36f8c9d9z305r27z6dxkhysng95-gnumake-4.4.1' from 'https://cache.nixos.org'...
2026-10-08T09:41:32.6245608Z copying path '/nix/store/bnjhp47nmncm9jlrv6q77hpqwbzxmafr-bzip2-1.0.8-bin' from 'https://cache.nixos.org'...
2026-10-08T09:41:32.6247176Z copying path '/nix/store/68d86idclxs6bfaqprmdx052xqy9qlv9-gnused-4.10' from 'https://cache.nixos.org'...
2026-10-08T09:41:32.6358808Z copying path '/nix/store/p2qkymfwxislcs4dfsw1hl8pia59q8pz-libpng-apng-1.6.58' from 'https://cache.nixos.org'...
2026-10-08T09:41:32.6446092Z copying path '/nix/store/6lqdk6hy2gy62idd9rwhsf3cy8v8l6s0-mpfr-4.2.2' from 'https://cache.nixos.org'...
2026-10-08T09:41:32.6448302Z copying path '/nix/store/326813d3lvi7i4kyp4jvhllxmy87a31v-isl-0.20' from 'https://cache.nixos.org'...
2026-10-08T09:41:32.6600296Z copying path '/nix/store/ys77wd39wlgzrwqz9gfw1c45bc1mmklh-sqlite-3.53.1' from 'https://cache.nixos.org'...
2026-10-08T09:41:32.6706734Z copying path '/nix/store/b4r5xlxclsvy3z6fvvwf74vln5l1hw4y-wayland-1.25.0' from 'https://cache.nixos.org'...
2026-10-08T09:41:32.6852465Z copying path '/nix/store/68hf1657rfhnzi3s0l3gmqjjh1pr54dy-xz-5.8.3-bin' from 'https://cache.nixos.org'...
2026-10-08T09:41:32.7137396Z copying path '/nix/store/bx13mhzpi1va0gccy86ycpbdj9agaw46-patch-2.8' from 'https://cache.nixos.org'...
2026-10-08T09:41:32.7194034Z copying path '/nix/store/cqzmdgzwvi3xv3pfl4zymj7yaprkp7c8-file-5.48' from 'https://cache.nixos.org'...
2026-10-08T09:41:32.7332561Z copying path '/nix/store/fq62mc3s8ddxgk1nvlbzly2zmr7v2cax-gnutar-1.35' from 'https://cache.nixos.org'...
2026-10-08T09:41:32.7351702Z copying path '/nix/store/09gac8c1amws12ysg2d8lbhd6ya0rwwa-freetype-2.14.3' from 'https://cache.nixos.org'...
2026-10-08T09:41:32.7450932Z copying path '/nix/store/ljxnca2bb04vlrhivnl7j7p1ph9xz4sg-gzip-1.14' from 'https://cache.nixos.org'...
2026-10-08T09:41:32.7563567Z copying path '/nix/store/k2rf4a2h1m2q4vk5c6ssvdalijk92v4l-make-shell-wrapper-hook' from 'https://cache.nixos.org'...
2026-10-08T09:41:32.7681042Z copying path '/nix/store/n2r7cb0l9w9wx02k2hpwgzzp5vmb216a-pcre2-10.46' from 'https://cache.nixos.org'...
2026-10-08T09:41:32.7700570Z copying path '/nix/store/2my7dfwg31bziws1ck2sqrwbj05nbdn1-libjpeg-turbo-3.1.4.1' from 'https://cache.nixos.org'...
2026-10-08T09:41:32.7916273Z copying path '/nix/store/was9mzb163p78zw2a1abv9zqcx5qm30b-libmpc-1.4.1' from 'https://cache.nixos.org'...
2026-10-08T09:41:32.8225088Z copying path '/nix/store/mv5csk78l1b3mkwg9i0c0syk03g9lapz-lcms2-2.19.1' from 'https://cache.nixos.org'...
2026-10-08T09:41:32.8273785Z copying path '/nix/store/hi4cl8v2435skr1vsmc3qmzz4gv2xr3s-tcl-8.6.16' from 'https://cache.nixos.org'...
2026-10-08T09:41:32.8481910Z copying path '/nix/store/g1s34kbai0ccbq8s3hvqwh10zs9as5dc-binutils-2.46-lib' from 'https://cache.nixos.org'...
2026-10-08T09:41:32.8517598Z copying path '/nix/store/zgpjwny2lj1xzvb48ssx9g7g5p8bngvf-libdeflate-1.25' from 'https://cache.nixos.org'...
2026-10-08T09:41:32.8946667Z copying path '/nix/store/9bpdf8r3rlrffl5y5188xd8mb879vpb8-glibc-2.42-67-dev' from 'https://cache.nixos.org'...
2026-10-08T09:41:32.9245754Z copying path '/nix/store/xdj75qn68sq2sba1w3dbmhi7xkzqhaw7-libxml2-2.15.3' from 'https://cache.nixos.org'...
2026-10-08T09:41:32.9311913Z copying path '/nix/store/if2h609psbpg1ysf1m27dpshjk2wzpk4-patchelf-0.15.2' from 'https://cache.nixos.org'...
2026-10-08T09:41:32.9525770Z copying path '/nix/store/3yfiiflma4rfll7fyjzk5f2k58j859jq-readline-8.3p3' from 'https://cache.nixos.org'...
2026-10-08T09:41:32.9551234Z copying path '/nix/store/6yxih2q7hd8z4ibf2zwbgggy6hgad8gl-gmp-with-cxx-6.3.0' from 'https://cache.nixos.org'...
2026-10-08T09:41:32.9558293Z copying path '/nix/store/mvmfmzsbzapr4g55y04ran4js67l6f55-libimagequant-4.4.1' from 'https://cache.nixos.org'...
2026-10-08T09:41:32.9579375Z copying path '/nix/store/0n517hiwwwja7dmaz536f6rdanfs0gdc-libwebp-1.6.0' from 'https://cache.nixos.org'...
2026-10-08T09:41:32.9594142Z copying path '/nix/store/p48bl1kiw42fakak404srawmlr730b7j-gnugrep-3.12' from 'https://cache.nixos.org'...
2026-10-08T09:41:32.9642139Z copying path '/nix/store/n0j6h9wwy9ladp4r1jc07igmfyrp2i52-libyuv-1908' from 'https://cache.nixos.org'...
2026-10-08T09:41:32.9700547Z copying path '/nix/store/v1ichmdzxbjfxq484gq5im2b8j9p3i9k-graphite2-1.3.15' from 'https://cache.nixos.org'...
2026-10-08T09:41:32.9913966Z copying path '/nix/store/jh4w8x8djc9hgiln92kp91b0pk71n5h9-lerc-4.1.0' from 'https://cache.nixos.org'...
2026-10-08T09:41:33.0190639Z copying path '/nix/store/qv6q79r6jwpzi6qm178ifdckavbpq9dq-zstd-1.5.7' from 'https://cache.nixos.org'...
2026-10-08T09:41:33.0289857Z copying path '/nix/store/4shkpw9q0f12z737zjvh89246zszkiq8-libxau-1.0.12' from 'https://cache.nixos.org'...
2026-10-08T09:41:33.0323590Z copying path '/nix/store/fgbrpz911jb9pxw0ys4cp5cv2rr7yh6p-libxdmcp-1.1.5' from 'https://cache.nixos.org'...
2026-10-08T09:41:33.0391771Z copying path '/nix/store/g71zvvjz6h8rf7cz8z8v7j8ijw25s6km-fontconfig-2.18.1-lib' from 'https://cache.nixos.org'...
2026-10-08T09:41:33.0465567Z copying path '/nix/store/ddk8rvjihg4vhh1k6x9rc65y1zb1kx34-binutils-2.46' from 'https://cache.nixos.org'...
2026-10-08T09:41:33.0570348Z copying path '/nix/store/cb5yp2g2hvx9dd40j6qx78c1778crrfi-libselinux-3.10' from 'https://cache.nixos.org'...
2026-10-08T09:41:33.0743553Z copying path '/nix/store/0axpqqmj1rcanmm2i8vzpd8xxwkmq2jf-gcc-15.2.0' from 'https://cache.nixos.org'...
2026-10-08T09:41:33.0746004Z copying path '/nix/store/b2dlgdzn0wibj66nrg8wkczrr59yrvl5-libvmaf-3.0.0' from 'https://cache.nixos.org'...
2026-10-08T09:41:33.0778989Z copying path '/nix/store/zyvz6mkqf6iihqr5yfvmfr2inafxdlq4-libxcb-1.17.0' from 'https://cache.nixos.org'...
2026-10-08T09:41:33.1035984Z copying path '/nix/store/3jm89jy56cprn52iw8vanpav58hlcj1v-python3-3.12.13' from 'https://cache.nixos.org'...
2026-10-08T09:41:33.1083293Z copying path '/nix/store/vx2aqxs99ii6pkzndddnbrsqbc4jwpb6-glib-2.88.1' from 'https://cache.nixos.org'...
2026-10-08T09:41:33.1218969Z copying path '/nix/store/bviwi9lin0hv2dnqhcc6d63cc91sgn2c-libtiff-4.7.1' from 'https://cache.nixos.org'...
2026-10-08T09:41:33.1439516Z copying path '/nix/store/cp7wjv1pl4wapfk48svvizxd089v9h0a-coreutils-9.11' from 'https://cache.nixos.org'...
2026-10-08T09:41:33.1655631Z copying path '/nix/store/rj1r78hwc3hc5pzf5yrp0rls8pnaxq2p-libaom-3.12.1' from 'https://cache.nixos.org'...
2026-10-08T09:41:33.1807082Z copying path '/nix/store/rrg3j7fkgcv1w1v3ydqg98jxz1c51x80-openblas-0.3.33' from 'https://cache.nixos.org'...
2026-10-08T09:41:33.1999411Z copying path '/nix/store/hgx6371r4z6pd0n2clnipi5ibp09kvxy-openjpeg-2.5.4' from 'https://cache.nixos.org'...
2026-10-08T09:41:33.2829955Z copying path '/nix/store/arpk7prynk6iqwbh0204k878nv1ypyg2-libx11-1.8.13' from 'https://cache.nixos.org'...
2026-10-08T09:41:33.3687525Z copying path '/nix/store/x90w8bcl58l9va6xhvfjgwmwl45vjf0n-diffutils-3.12' from 'https://cache.nixos.org'...
2026-10-08T09:41:33.3693511Z copying path '/nix/store/cc9zsahxyx5my7bqid4dzkljw2dd9ygm-perl-5.42.0' from 'https://cache.nixos.org'...
2026-10-08T09:41:33.3712222Z copying path '/nix/store/f4bixss3h2i80asiz45aj4qmplvmam4k-findutils-4.10.0' from 'https://cache.nixos.org'...
2026-10-08T09:41:33.4568169Z copying path '/nix/store/2d66s80gf82kkyy6kdh5x3qkmazwjzb4-libxrender-0.9.12' from 'https://cache.nixos.org'...
2026-10-08T09:41:33.4570224Z copying path '/nix/store/fyb501fnnlx9rivn7qk27xjw04ak9xrc-tix-8.4.3' from 'https://cache.nixos.org'...
2026-10-08T09:41:33.4982484Z copying path '/nix/store/38wvycmnv1kkhw16vdzmq6fc8j6y4sy3-python-namespaces-hook.sh' from 'https://cache.nixos.org'...
2026-10-08T09:41:33.4995025Z copying path '/nix/store/gikfyrrg5a864lkr2px8rgkgd4b61ri2-stdenv-linux-no-cc' from 'https://cache.nixos.org'...
2026-10-08T09:41:33.5004941Z copying path '/nix/store/fwqzdadrd3a0qyy9m2cf61cd36f6q54m-ensure-newer-sources-hook' from 'https://cache.nixos.org'...
2026-10-08T09:41:33.5046232Z copying path '/nix/store/63cfg8v0qaaqfhxc0nm1kldc0ddlv6a9-libxft-2.3.9' from 'https://cache.nixos.org'...
2026-10-08T09:41:33.5698654Z copying path '/nix/store/8iz2b72w9jijmxcjhrk2jwigil20b0hi-tk-8.6.16' from 'https://cache.nixos.org'...
2026-10-08T09:41:33.6664547Z copying path '/nix/store/sqnii8dl55xsjyyp11z8yj8kn4m98arv-harfbuzz-13.2.1' from 'https://cache.nixos.org'...
2026-10-08T09:41:33.6667258Z copying path '/nix/store/qjhvmcbysvdvvrxc26bgz0b28jhikqs5-gdk-pixbuf-2.44.6' from 'https://cache.nixos.org'...
2026-10-08T09:41:33.8085412Z copying path '/nix/store/310a5dkk208avcssn660rwlbh37kxd8h-libavif-1.4.2' from 'https://cache.nixos.org'...
2026-10-08T09:41:33.8476098Z copying path '/nix/store/rpiikzya2jm9jsl67xs8z05jwlhwqp01-libraqm-0.10.5' from 'https://cache.nixos.org'...
2026-10-08T09:41:33.8768543Z copying path '/nix/store/nhjmc8clp6igx6n6zrjxlh7zri78p7ng-binutils-wrapper-2.46' from 'https://cache.nixos.org'...
2026-10-08T09:41:33.9364737Z copying path '/nix/store/fc64qik8w0h0virhy5nm2q46xf5dv5xi-blas-3' from 'https://cache.nixos.org'...
2026-10-08T09:41:33.9376823Z copying path '/nix/store/a02lf29v5wvjyn6b0w1yg72qcsmcz4zm-lapack-3' from 'https://cache.nixos.org'...
2026-10-08T09:41:34.7592239Z copying path '/nix/store/08hc10748vyr3whw6zlpm2b3zhqkavb9-blas-3-dev' from 'https://cache.nixos.org'...
2026-10-08T09:41:34.7787216Z copying path '/nix/store/izb1p6b5097qdpiq9c3rgsnw6zkhrcir-lapack-3-dev' from 'https://cache.nixos.org'...
2026-10-08T09:41:35.6622481Z copying path '/nix/store/iarwnvs06d9snssgmy898s9kss423j9y-python-catch-conflicts-hook' from 'https://cache.nixos.org'...
2026-10-08T09:41:35.6627744Z copying path '/nix/store/3v3azw51ajgsv8rmnnbgqay5xf7y85wy-python-imports-check-hook.sh' from 'https://cache.nixos.org'...
2026-10-08T09:41:35.6630399Z copying path '/nix/store/18zfgn10nma8ql22bw049c872yric02v-python3.12-cycler-0.12.1' from 'https://cache.nixos.org'...
2026-10-08T09:41:35.6632186Z copying path '/nix/store/jxaf8dvjhd1wylcns50rdiv05gccnhaf-python3.12-fonttools-4.63.0' from 'https://cache.nixos.org'...
2026-10-08T09:41:35.6635268Z copying path '/nix/store/fxia14xry2pyi6b1lhn2v33hxycccdcq-python3.12-installer-1.0.1' from 'https://cache.nixos.org'...
2026-10-08T09:41:35.6640026Z copying path '/nix/store/anicqbzl1fcz4x8y8hfd1vbwlfgc0z5f-python3.12-numpy-2.5.0' from 'https://cache.nixos.org'...
2026-10-08T09:41:35.6642510Z copying path '/nix/store/vn8qbdxfahld71w0i61ddna2pyw43yh8-python3.12-kiwisolver-1.4.9' from 'https://cache.nixos.org'...
2026-10-08T09:41:35.6646022Z copying path '/nix/store/nmxjgzqyjqwdr14kg1pd9z3pnzjc2nr9-python3.12-pillow-12.3.0' from 'https://cache.nixos.org'...
2026-10-08T09:41:35.6647934Z copying path '/nix/store/zyawkxgfvqi3clkprapxha8mzj4klphd-python3.12-packaging-26.2' from 'https://cache.nixos.org'...
2026-10-08T09:41:35.6655855Z copying path '/nix/store/1z010s96hgvpnb0x6b0y0i0646fqjgrp-python3.12-pyparsing-3.3.2' from 'https://cache.nixos.org'...
2026-10-08T09:41:35.6668238Z copying path '/nix/store/d288c9pnwwamj14w6cnbzdq2jzrjqbjg-python3.12-setuptools-82.0.1' from 'https://cache.nixos.org'...
2026-10-08T09:41:35.6672601Z copying path '/nix/store/ggg472qb98243lykmnzhcrci8yz36sip-python3.12-six-1.17.0' from 'https://cache.nixos.org'...
2026-10-08T09:41:35.6675019Z copying path '/nix/store/0plm6pbdk8al8ralms6845wjsxqblx55-python3.12-tkinter-3.12.13' from 'https://cache.nixos.org'...
2026-10-08T09:41:35.6677370Z copying path '/nix/store/m2mrhnv1m4yfchdj50gqc5577brmrl81-python3.12-pyproject-hooks-1.2.0' from 'https://cache.nixos.org'...
2026-10-08T09:41:35.6679966Z copying path '/nix/store/wc1qm5p7xnp80y0nybn1ii977lwf6rvv-python3.12-wheel-0.47.0' from 'https://cache.nixos.org'...
2026-10-08T09:41:35.6717769Z copying path '/nix/store/nnsga35cavn5ygaa1brxwv4k09x0x2z3-wrap-python-hook' from 'https://cache.nixos.org'...
2026-10-08T09:41:35.7116133Z copying path '/nix/store/ncivq9fw34qmmwxpw00nwiwhvll8q46s-python3.12-python-dateutil-2.9.0.post0' from 'https://cache.nixos.org'...
2026-10-08T09:41:35.7191107Z copying path '/nix/store/ay80aa70q9lax1y9js311ag3fsmqib82-python-runtime-deps-check-hook.sh' from 'https://cache.nixos.org'...
2026-10-08T09:41:35.7195785Z copying path '/nix/store/56sm2sdin6lafqhcarqzbp3yz0vqcrsx-python3.12-build-1.5.0' from 'https://cache.nixos.org'...
2026-10-08T09:41:35.7400073Z copying path '/nix/store/aaz3hq4i7hf35zcilajbqfqrw3w353fn-pypa-install-hook' from 'https://cache.nixos.org'...
2026-10-08T09:41:35.7761136Z copying path '/nix/store/5njpji1qkl76qfh8yyv25jd3fh4n5dy6-pypa-build-hook.sh' from 'https://cache.nixos.org'...
2026-10-08T09:41:36.1864253Z copying path '/nix/store/z8lxskrpmpisvwjx8s6z04i968gknivm-python3.12-contourpy-1.3.3' from 'https://cache.nixos.org'...
2026-10-08T09:41:36.2147903Z copying path '/nix/store/rzxydmgclrzra4a9fy0iw2y8i9idi02z-python3.12-matplotlib-3.11.0' from 'https://cache.nixos.org'...
2026-10-08T09:41:37.6956392Z copying path '/nix/store/vdaz6sk455r8sbpi7wzaf9vlz5i9yyvx-gcc-wrapper-15.2.0' from 'https://cache.nixos.org'...
2026-10-08T09:41:37.7016154Z copying path '/nix/store/sbq2bpvb8d9s9xn6rl46fxaxhalrrgsm-make-binary-wrapper-hook' from 'https://cache.nixos.org'...
2026-10-08T09:41:37.7018862Z copying path '/nix/store/sg7xjcivmh51ckjdr7bjik3lghd8kjax-stdenv-linux' from 'https://cache.nixos.org'...
2026-10-08T09:41:37.7162567Z building '/nix/store/8q70a8gnpbcd32yddz174bixn34r0fa7-python3-3.12.13-env.drv'...
2026-10-08T09:41:39.2032585Z building '/nix/store/vl14dd9vrrqlp54qda6n4bsjy5byq1i5-modelica-models-tools-0.1.0.drv'...
2026-10-08T09:41:40.9354008Z simulating rumoca-scenario.manual-flight.toml...
2026-10-08T09:42:56.7280124Z ##[error]The runner has received a shutdown signal. This can happen when the runner service is stopped, or a manually started runner is canceled.
2026-10-08T09:42:56.8334684Z /nix/store/30hpb8xig9cxshlzygysly6fz4gwb75s-python3-3.12.13-env/lib/python3.12/multiprocessing/resource_tracker.py:279: UserWarning: resource_tracker: There appear to be 5 leaked semaphore objects to clean up at shutdown
2026-10-08T09:42:56.8336059Z   warnings.warn('resource_tracker: There appear to be %d '
2026-10-08T09:42:56.9625766Z ##[error]The operation was canceled.
2026-10-08T09:42:57.0284624Z Cleaning up orphan processes
